a
<class 'function'>
[[0.5 0.5]]
[[0.99858174 0.00141826]]
         33068494 function calls (33066306 primitive calls) in 54.478 seconds

   Ordered by: cumulative time

   ncalls  tottime  percall  cumtime  percall filename:lineno(function)
    437/1    0.001    0.000   54.479   54.479 {built-in method builtins.exec}
        1    0.000    0.000   54.479   54.479 test_program.py:1(<module>)
        1    3.494    3.494   54.280   54.280 Model.py:36(train)
  1000000    3.167    0.000   15.915    0.000 {method 'forward' of 'MSE.MSE' objects}
  1000002    1.712    0.000   13.684    0.000 Model.py:23(predict)
  1000000    0.725    0.000   12.748    0.000 <__array_function__ internals>:2(average)
  1000006    0.621    0.000   11.864    0.000 {built-in method numpy.core._multiarray_umath.implement_array_function}
  1000000    1.996    0.000   11.780    0.000 Model.py:29(backward)
  1000000    1.282    0.000   11.243    0.000 function_base.py:293(average)
  1000000    0.529    0.000    9.312    0.000 {method 'mean' of 'numpy.ndarray' objects}
  4000000    9.243    0.000    9.243    0.000 sgd.py:7(update)
  1000000    3.107    0.000    8.783    0.000 _methods.py:134(_mean)
  2000004    7.293    0.000    7.293    0.000 {method 'forward' of 'Sigmoid.Sigmoid' objects}
  2000000    4.771    0.000    4.771    0.000 {method 'backward' of 'Sigmoid.Sigmoid' objects}
  2000004    4.679    0.000    4.679    0.000 fullconnect.py:10(forward)
  1000000    3.996    0.000    3.996    0.000 fullconnect.py:14(backward)
  1000004    2.912    0.000    2.912    0.000 {method 'reduce' of 'numpy.ufunc' objects}
  1000000    1.450    0.000    1.596    0.000 _methods.py:50(_count_reduce_items)
  2000000    0.537    0.000    1.121    0.000 _asarray.py:88(asanyarray)
  1000000    0.885    0.000    0.885    0.000 {method 'backward' of 'MSE.MSE' objects}
  2000110    0.584    0.000    0.584    0.000 {built-in method numpy.array}
       12    0.001    0.000    0.379    0.032 __init__.py:1(<module>)
  2005995    0.332    0.000    0.332    0.000 {built-in method builtins.isinstance}
  2000072    0.276    0.000    0.276    0.000 {built-in method builtins.issubclass}
  1001532    0.235    0.000    0.235    0.000 {built-in method builtins.hasattr}
   156/10    0.002    0.000    0.198    0.020 <frozen importlib._bootstrap>:986(_find_and_load)
   156/10    0.001    0.000    0.198    0.020 <frozen importlib._bootstrap>:956(_find_and_load_unlocked)
    226/6    0.000    0.000    0.191    0.032 <frozen importlib._bootstrap>:211(_call_with_frames_removed)
   149/10    0.001    0.000    0.190    0.019 <frozen importlib._bootstrap>:650(_load_unlocked)
    112/4    0.000    0.000    0.188    0.047 <frozen importlib._bootstrap_external>:777(exec_module)
   192/20    0.001    0.000    0.185    0.009 <frozen importlib._bootstrap>:1017(_handle_fromlist)
   321/12    0.000    0.000    0.184    0.015 {built-in method builtins.__import__}
  1000000    0.160    0.000    0.160    0.000 function_base.py:289(_average_dispatcher)
1002951/1002807    0.134    0.000    0.134    0.000 {built-in method builtins.len}
        1    0.095    0.095    0.095    0.095 Model.py:38(<listcomp>)
        1    0.068    0.068    0.068    0.068 Model.py:37(<listcomp>)
      112    0.002    0.000    0.065    0.001 <frozen importlib._bootstrap_external>:849(get_code)
      153    0.001    0.000    0.041    0.000 <frozen importlib._bootstrap>:890(_find_spec)
      112    0.002    0.000    0.041    0.000 <frozen importlib._bootstrap_external>:969(get_data)
      141    0.000    0.000    0.039    0.000 <frozen importlib._bootstrap_external>:1334(find_spec)
      141    0.001    0.000    0.038    0.000 <frozen importlib._bootstrap_external>:1302(_get_spec)
      283    0.003    0.000    0.035    0.000 <frozen importlib._bootstrap_external>:1431(find_spec)
      112    0.033    0.000    0.033    0.000 {built-in method io.open_code}
      634    0.000    0.000    0.031    0.000 <frozen importlib._bootstrap_external>:80(_path_stat)
      636    0.031    0.000    0.031    0.000 {built-in method nt.stat}
      316    0.001    0.000    0.027    0.000 overrides.py:166(decorator)
  149/146    0.000    0.000    0.025    0.000 <frozen importlib._bootstrap>:549(module_from_spec)
        1    0.000    0.000    0.020    0.020 _pickle.py:1(<module>)
       21    0.000    0.000    0.018    0.001 <frozen importlib._bootstrap_external>:1099(create_module)
       21    0.016    0.001    0.018    0.001 {built-in method _imp.create_dynamic}
      316    0.017    0.000    0.017    0.000 {built-in method builtins.compile}
        1    0.000    0.000    0.017    0.017 numeric.py:1(<module>)
        1    0.000    0.000    0.017    0.017 multiarray.py:1(<module>)
        1    0.000    0.000    0.016    0.016 index_tricks.py:1(<module>)
    21/16    0.000    0.000    0.016    0.001 <frozen importlib._bootstrap_external>:1107(exec_module)
    21/16    0.002    0.000    0.016    0.001 {built-in method _imp.exec_dynamic}
      112    0.000    0.000    0.015    0.000 <frozen importlib._bootstrap_external>:578(_compile_bytecode)
        1    0.000    0.000    0.015    0.015 overrides.py:1(<module>)
      112    0.014    0.000    0.014    0.000 {built-in method marshal.loads}
        1    0.000    0.000    0.012    0.012 npyio.py:1(<module>)
      222    0.000    0.000    0.010    0.000 <frozen importlib._bootstrap_external>:90(_path_is_mode_type)
        1    0.000    0.000    0.010    0.010 _distributor_init.py:2(<module>)
      197    0.000    0.000    0.009    0.000 <frozen importlib._bootstrap_external>:99(_path_isfile)
        1    0.000    0.000    0.009    0.009 _datasource.py:1(<module>)
        1    0.000    0.000    0.008    0.008 defmatrix.py:1(<module>)
        1    0.000    0.000    0.008    0.008 secrets.py:1(<module>)
        1    0.000    0.000    0.008    0.008 py3k.py:1(<module>)
        2    0.000    0.000    0.007    0.004 shape_base.py:1(<module>)
        1    0.000    0.000    0.007    0.007 shutil.py:1(<module>)
      136    0.000    0.000    0.007    0.000 re.py:289(_compile)
       24    0.000    0.000    0.006    0.000 sre_compile.py:759(compile)
       20    0.000    0.000    0.006    0.000 re.py:250(compile)
      149    0.002    0.000    0.006    0.000 <frozen importlib._bootstrap>:477(_init_module_attrs)
        1    0.000    0.000    0.005    0.005 _internal.py:1(<module>)
      112    0.005    0.000    0.005    0.000 {method 'read' of '_io.BufferedReader' objects}
      112    0.000    0.000    0.005    0.000 <frozen importlib._bootstrap_external>:1010(path_stats)
  233/232    0.003    0.000    0.005    0.000 {built-in method builtins.__build_class__}
        1    0.000    0.000    0.005    0.005 linalg.py:1(<module>)
        1    0.000    0.000    0.005    0.005 defchararray.py:1(<module>)
        1    0.000    0.000    0.005    0.005 numerictypes.py:1(<module>)
      286    0.001    0.000    0.005    0.000 overrides.py:72(verify_matching_signatures)
        2    0.000    0.000    0.005    0.002 polynomial.py:1(<module>)
        1    0.000    0.000    0.004    0.004 fromnumeric.py:1(<module>)
       24    0.000    0.000    0.004    0.000 sre_parse.py:937(parse)
        2    0.000    0.000    0.004    0.002 function_base.py:1(<module>)
    65/24    0.000    0.000    0.003    0.000 sre_parse.py:435(_parse_sub)
    68/26    0.001    0.000    0.003    0.000 sre_parse.py:493(_parse)
        1    0.000    0.000    0.003    0.003 platform.py:3(<module>)
      616    0.001    0.000    0.003    0.000 _inspect.py:98(getargspec)
        1    0.000    0.000    0.003    0.003 bz2.py:1(<module>)
     1396    0.001    0.000    0.003    0.000 <frozen importlib._bootstrap_external>:62(_path_join)
        1    0.000    0.000    0.003    0.003 scimath.py:1(<module>)
        1    0.000    0.000    0.003    0.003 _pocketfft.py:1(<module>)
        1    0.000    0.000    0.003    0.003 core.py:1(<module>)
        1    0.000    0.000    0.003    0.003 pathlib.py:1(<module>)
        1    0.000    0.000    0.003    0.003 financial.py:1(<module>)
        1    0.000    0.000    0.003    0.003 hmac.py:1(<module>)
        1    0.000    0.000    0.003    0.003 _add_newdocs.py:1(<module>)
      224    0.001    0.000    0.003    0.000 <frozen importlib._bootstrap_external>:294(cache_from_source)
      323    0.000    0.000    0.003    0.000 <frozen importlib._bootstrap_external>:1265(_path_importer_cache)
      273    0.000    0.000    0.003    0.000 function_base.py:460(add_newdoc)
       24    0.000    0.000    0.003    0.000 sre_compile.py:598(_code)
       17    0.000    0.000    0.002    0.000 <frozen importlib._bootstrap_external>:1479(_fill_cache)
      156    0.000    0.000    0.002    0.000 <frozen importlib._bootstrap>:147(__enter__)
      453    0.001    0.000    0.002    0.000 <frozen importlib._bootstrap>:157(_get_module_lock)
       17    0.000    0.000    0.002    0.000 <frozen importlib._bootstrap_external>:1252(_path_hooks)
      245    0.000    0.000    0.002    0.000 <frozen importlib._bootstrap>:376(cached)
        1    0.000    0.000    0.002    0.002 pickle.py:1(<module>)
      297    0.000    0.000    0.002    0.000 <frozen importlib._bootstrap>:194(_lock_unlock_module)
      133    0.000    0.000    0.002    0.000 <frozen importlib._bootstrap_external>:424(_get_cached)
      326    0.001    0.000    0.002    0.000 functools.py:34(update_wrapper)
        1    0.000    0.000    0.002    0.002 glob.py:1(<module>)
   137/24    0.001    0.000    0.002    0.000 sre_compile.py:71(_compile)
      612    0.002    0.000    0.002    0.000 _inspect.py:67(getargs)
       17    0.002    0.000    0.002    0.000 {built-in method nt.listdir}
        1    0.000    0.000    0.002    0.002 type_check.py:1(<module>)
     1396    0.001    0.000    0.002    0.000 <frozen importlib._bootstrap_external>:64(<listcomp>)
        1    0.000    0.000    0.001    0.001 decimal.py:2(<module>)
     3842    0.001    0.000    0.001    0.000 {built-in method builtins.getattr}
        1    0.000    0.000    0.001    0.001 _type_aliases.py:1(<module>)
        1    0.000    0.000    0.001    0.001 random.py:1(<module>)
        1    0.000    0.000    0.001    0.001 _ufunc_config.py:1(<module>)
       23    0.000    0.000    0.001    0.000 overrides.py:206(decorator)
       25    0.000    0.000    0.001    0.000 <frozen importlib._bootstrap_external>:104(_path_isdir)
      453    0.001    0.000    0.001    0.000 <frozen importlib._bootstrap>:78(acquire)
        8    0.000    0.000    0.001    0.000 __init__.py:313(namedtuple)
      133    0.000    0.000    0.001    0.000 <frozen importlib._bootstrap_external>:1426(_get_spec)
       17    0.000    0.000    0.001    0.000 <frozen zipimport>:63(__init__)
       17    0.000    0.000    0.001    0.000 <frozen importlib._bootstrap_external>:1520(path_hook_for_FileFinder)
        1    0.000    0.000    0.001    0.001 getlimits.py:96(_register_known_types)
        1    0.000    0.000    0.001    0.001 nanfunctions.py:1(<module>)
        1    0.000    0.000    0.001    0.001 lzma.py:1(<module>)
      155    0.000    0.000    0.001    0.000 <frozen importlib._bootstrap>:58(__init__)
      744    0.001    0.000    0.001    0.000 {method 'format' of 'str' objects}
      224    0.001    0.000    0.001    0.000 <frozen importlib._bootstrap_external>:68(_path_split)
      453    0.001    0.000    0.001    0.000 <frozen importlib._bootstrap>:103(release)
       21    0.000    0.000    0.001    0.000 abc.py:84(__new__)
        1    0.000    0.000    0.001    0.001 twodim_base.py:1(<module>)
      620    0.001    0.000    0.001    0.000 {built-in method __new__ of type object at 0x00007FFD0A17B810}
        1    0.000    0.000    0.001    0.001 arrayprint.py:1(<module>)
        6    0.000    0.000    0.001    0.000 getlimits.py:37(__init__)
        1    0.000    0.000    0.001    0.001 fnmatch.py:1(<module>)
        1    0.000    0.000    0.001    0.001 _methods.py:1(<module>)
        3    0.000    0.000    0.001    0.000 warnings.py:130(filterwarnings)
       17    0.000    0.000    0.001    0.000 arrayprint.py:1489(_array_str_implementation)
       44    0.000    0.000    0.001    0.000 core.py:145(get_object_signature)
        1    0.000    0.000    0.001    0.001 arraysetops.py:1(<module>)
        3    0.000    0.000    0.001    0.000 __init__.py:339(__init__)
        1    0.000    0.000    0.001    0.001 parse.py:1(<module>)
      133    0.001    0.000    0.001    0.000 <frozen importlib._bootstrap_external>:629(spec_from_file_location)
      313    0.001    0.000    0.001    0.000 {built-in method _thread.allocate_lock}
     1754    0.001    0.000    0.001    0.000 {method 'join' of 'str' objects}
      112    0.000    0.000    0.001    0.000 <frozen importlib._bootstrap_external>:493(_classify_pyc)
      156    0.000    0.000    0.001    0.000 <frozen importlib._bootstrap>:151(__exit__)
       17    0.000    0.000    0.001    0.000 arrayprint.py:477(wrapper)
       26    0.000    0.000    0.001    0.000 core.py:6660(__init__)
       58    0.000    0.000    0.001    0.000 sre_compile.py:276(_optimize_charset)
        2    0.001    0.000    0.001    0.000 {built-in method _ctypes.LoadLibrary}
       26    0.000    0.000    0.001    0.000 core.py:6665(getdoc)
        4    0.000    0.000    0.001    0.000 {built-in method builtins.print}
        1    0.000    0.000    0.001    0.001 datetime.py:1(<module>)
        1    0.000    0.000    0.001    0.001 ctypeslib.py:1(<module>)
       24    0.000    0.000    0.001    0.000 sre_compile.py:536(_compile_info)
        1    0.000    0.000    0.001    0.001 extras.py:1(<module>)
       52    0.000    0.000    0.001    0.000 core.py:900(__init__)
        1    0.000    0.000    0.001    0.001 utils.py:1(<module>)
     1499    0.001    0.000    0.001    0.000 <frozen importlib._bootstrap>:222(_verbose_message)
        2    0.000    0.000    0.001    0.000 arrayprint.py:532(array2string)
      572    0.000    0.000    0.001    0.000 <string>:1(__new__)
       12    0.000    0.000    0.001    0.000 <frozen importlib._bootstrap>:746(create_module)
     1014    0.000    0.000    0.001    0.000 sre_parse.py:164(__getitem__)
      336    0.000    0.000    0.000    0.000 <frozen importlib._bootstrap_external>:51(_unpack_uint32)
        2    0.000    0.000    0.000    0.000 arrayprint.py:494(_array2string)
       12    0.000    0.000    0.000    0.000 {built-in method _imp.create_builtin}
      576    0.000    0.000    0.000    0.000 sre_parse.py:254(get)
      273    0.000    0.000    0.000    0.000 function_base.py:446(_add_docstring)
        5    0.000    0.000    0.000    0.000 textwrap.py:414(dedent)
     3024    0.000    0.000    0.000    0.000 {method 'rstrip' of 'str' objects}
      112    0.000    0.000    0.000    0.000 <frozen importlib._bootstrap_external>:526(_validate_timestamp_pyc)
     1004    0.000    0.000    0.000    0.000 {method 'rpartition' of 'str' objects}
   170/57    0.000    0.000    0.000    0.000 sre_parse.py:174(getwidth)
       40    0.000    0.000    0.000    0.000 _inspect.py:142(formatargspec)
        4    0.000    0.000    0.000    0.000 core.py:122(doc_note)
      616    0.000    0.000    0.000    0.000 _inspect.py:15(ismethod)
     1707    0.000    0.000    0.000    0.000 {built-in method builtins.setattr}
      155    0.000    0.000    0.000    0.000 <frozen importlib._bootstrap>:176(cb)
        1    0.000    0.000    0.000    0.000 stride_tricks.py:1(<module>)
       30    0.000    0.000    0.000    0.000 getlimits.py:43(<lambda>)
        1    0.000    0.000    0.000    0.000 glob.py:10(glob)
        4    0.000    0.000    0.000    0.000 re.py:223(split)
      345    0.000    0.000    0.000    0.000 <frozen importlib._bootstrap>:389(parent)
        2    0.000    0.000    0.000    0.000 glob.py:41(_iglob)
        2    0.000    0.000    0.000    0.000 arrayprint.py:425(_get_format_function)
        1    0.000    0.000    0.000    0.000 numbers.py:4(<module>)
        1    0.000    0.000    0.000    0.000 pickle.py:197(<listcomp>)
        1    0.000    0.000    0.000    0.000 ctypeslib.py:359(_get_scalar_type_map)
        1    0.000    0.000    0.000    0.000 helper.py:1(<module>)
        1    0.000    0.000    0.000    0.000 hashlib.py:5(<module>)
        1    0.000    0.000    0.000    0.000 ctypeslib.py:370(<dictcomp>)
        1    0.000    0.000    0.000    0.000 glob.py:81(_glob1)
        1    0.000    0.000    0.000    0.000 histograms.py:1(<module>)
        2    0.000    0.000    0.000    0.000 arrayprint.py:381(<lambda>)
        5    0.000    0.000    0.000    0.000 re.py:203(sub)
      107    0.000    0.000    0.000    0.000 re.py:188(match)
        2    0.000    0.000    0.000    0.000 arrayprint.py:856(__init__)
     2674    0.000    0.000    0.000    0.000 {method 'append' of 'list' objects}
        2    0.000    0.000    0.000    0.000 arrayprint.py:883(fillFormat)
       14    0.000    0.000    0.000    0.000 hashlib.py:123(__get_openssl_constructor)
        1    0.000    0.000    0.000    0.000 threading.py:1(<module>)
      153    0.000    0.000    0.000    0.000 <frozen importlib._bootstrap>:725(find_spec)
      715    0.000    0.000    0.000    0.000 sre_parse.py:233(__next)
      435    0.000    0.000    0.000    0.000 <frozen importlib._bootstrap>:867(__exit__)
        1    0.000    0.000    0.000    0.000 ufunclike.py:1(<module>)
       50    0.000    0.000    0.000    0.000 _internal.py:784(_ufunc_doc_signature_formatter)
        1    0.000    0.000    0.000    0.000 ast.py:1(<module>)
        1    0.000    0.000    0.000    0.000 _type_aliases.py:115(_add_aliases)
       26    0.000    0.000    0.000    0.000 core.py:927(__init__)
      616    0.000    0.000    0.000    0.000 _inspect.py:28(isfunction)
        8    0.000    0.000    0.000    0.000 hashlib.py:79(__get_builtin_constructor)
      435    0.000    0.000    0.000    0.000 <frozen importlib._bootstrap>:863(__enter__)
       19    0.000    0.000    0.000    0.000 _add_newdocs.py:6738(add_newdoc_for_scalar_type)
       18    0.000    0.000    0.000    0.000 core.py:1003(__init__)
       21    0.000    0.000    0.000    0.000 {built-in method _abc._abc_init}
      612    0.000    0.000    0.000    0.000 _inspect.py:43(iscode)
        1    0.000    0.000    0.000    0.000 einsumfunc.py:1(<module>)
        1    0.000    0.000    0.000    0.000 fnmatch.py:48(filter)
        1    0.000    0.000    0.000    0.000 arraypad.py:1(<module>)
       30    0.000    0.000    0.000    0.000 getlimits.py:42(<lambda>)
       17    0.000    0.000    0.000    0.000 <frozen importlib._bootstrap_external>:1394(__init__)
      273    0.000    0.000    0.000    0.000 function_base.py:428(_needs_add_docstring)
        6    0.000    0.000    0.000    0.000 numeric.py:2388(extend_all)
        1    0.000    0.000    0.000    0.000 fnmatch.py:38(_compile_pattern)
     1043    0.000    0.000    0.000    0.000 {built-in method _imp.acquire_lock}
        1    0.000    0.000    0.000    0.000 contextlib.py:72(inner)
      324    0.000    0.000    0.000    0.000 functools.py:64(wraps)
      141    0.000    0.000    0.000    0.000 <frozen importlib._bootstrap>:800(find_spec)
        1    0.000    0.000    0.000    0.000 struct.py:3(<module>)
      924    0.000    0.000    0.000    0.000 {built-in method _thread.get_ident}
     1043    0.000    0.000    0.000    0.000 {built-in method _imp.release_lock}
      161    0.000    0.000    0.000    0.000 <frozen importlib._bootstrap>:342(__init__)
       33    0.000    0.000    0.000    0.000 sre_parse.py:96(closegroup)
        1    0.000    0.000    0.000    0.000 _polybase.py:1(<module>)
      283    0.000    0.000    0.000    0.000 <frozen importlib._bootstrap_external>:36(_relax_case)
      112    0.000    0.000    0.000    0.000 <frozen importlib._bootstrap_external>:456(_check_name_wrapper)
        1    0.000    0.000    0.000    0.000 _exceptions.py:1(<module>)
        1    0.000    0.000    0.000    0.000 mixins.py:1(<module>)
       24    0.000    0.000    0.000    0.000 enum.py:833(__and__)
      224    0.000    0.000    0.000    0.000 {method 'rsplit' of 'str' objects}
        1    0.000    0.000    0.000    0.000 {function SeedSequence.generate_state at 0x0000019652D2B550}
        1    0.000    0.000    0.000    0.000 chebyshev.py:1(<module>)
        1    0.000    0.000    0.000    0.000 base64.py:3(<module>)
      351    0.000    0.000    0.000    0.000 {method 'update' of 'dict' objects}
       10    0.000    0.000    0.000    0.000 extras.py:237(__init__)
      331    0.000    0.000    0.000    0.000 sre_parse.py:172(append)
        1    0.000    0.000    0.000    0.000 _iotools.py:1(<module>)
       16    0.000    0.000    0.000    0.000 _type_aliases.py:79(bitname)
       10    0.000    0.000    0.000    0.000 extras.py:241(getdoc)
        1    0.000    0.000    0.000    0.000 core.py:2717(MaskedArray)
      116    0.000    0.000    0.000    0.000 <frozen importlib._bootstrap>:35(_new_module)
        1    0.000    0.000    0.000    0.000 core.py:6358(__new__)
        1    0.000    0.000    0.000    0.000 legendre.py:1(<module>)
        1    0.000    0.000    0.000    0.000 mixins.py:63(NDArrayOperatorsMixin)
        1    0.000    0.000    0.000    0.000 __config__.py:3(<module>)
      112    0.000    0.000    0.000    0.000 {built-in method _imp._fix_co_filename}
        1    0.000    0.000    0.000    0.000 hermite_e.py:1(<module>)
        1    0.000    0.000    0.000    0.000 records.py:1(<module>)
        8    0.000    0.000    0.000    0.000 core.py:7996(__init__)
        1    0.000    0.000    0.000    0.000 {built-in method sys.getwindowsversion}
       74    0.000    0.000    0.000    0.000 sre_compile.py:423(_simple)
      154    0.000    0.000    0.000    0.000 {method 'endswith' of 'str' objects}
       99    0.000    0.000    0.000    0.000 {method 'extend' of 'list' objects}
      316    0.000    0.000    0.000    0.000 overrides.py:124(array_function_dispatch)
        1    0.000    0.000    0.000    0.000 laguerre.py:1(<module>)
       12    0.000    0.000    0.000    0.000 datetime.py:488(__new__)
        1    0.000    0.000    0.000    0.000 polyutils.py:1(<module>)
      366    0.000    0.000    0.000    0.000 sre_parse.py:249(match)
        1    0.000    0.000    0.000    0.000 _string_helpers.py:1(<module>)
      460    0.000    0.000    0.000    0.000 {method 'get' of 'dict' objects}
        8    0.000    0.000    0.000    0.000 core.py:8001(getdoc)
      301    0.000    0.000    0.000    0.000 sre_parse.py:160(__len__)
       36    0.000    0.000    0.000    0.000 getlimits.py:41(<lambda>)
       11    0.000    0.000    0.000    0.000 abc.py:89(register)
       53    0.000    0.000    0.000    0.000 {built-in method _imp.is_builtin}
        2    0.000    0.000    0.000    0.000 genericpath.py:39(isdir)
      337    0.000    0.000    0.000    0.000 {built-in method from_bytes}
       13    0.000    0.000    0.000    0.000 mixins.py:48(_numeric_methods)
      225    0.000    0.000    0.000    0.000 sre_parse.py:286(tell)
       17    0.000    0.000    0.000    0.000 <frozen importlib._bootstrap_external>:1508(<setcomp>)
       58    0.000    0.000    0.000    0.000 sre_compile.py:249(_compile_charset)
        1    0.000    0.000    0.000    0.000 getlimits.py:1(<module>)
       11    0.000    0.000    0.000    0.000 {built-in method _abc._abc_register}
       12    0.000    0.000    0.000    0.000 <frozen importlib._bootstrap>:406(spec_from_loader)
        4    0.000    0.000    0.000    0.000 {method 'split' of 're.Pattern' objects}
      112    0.000    0.000    0.000    0.000 <frozen importlib._bootstrap_external>:939(__init__)
      141    0.000    0.000    0.000    0.000 {built-in method _imp.is_frozen}
        4    0.000    0.000    0.000    0.000 fromnumeric.py:73(_wrapreduction)
        1    0.000    0.000    0.000    0.000 bisect.py:1(<module>)
        2    0.000    0.000    0.000    0.000 arrayprint.py:729(_formatArray)
    26/12    0.000    0.000    0.000    0.000 abc.py:100(__subclasscheck__)
        1    0.000    0.000    0.000    0.000 _asarray.py:1(<module>)
        1    0.000    0.000    0.000    0.000 _string_helpers.py:9(<listcomp>)
        2    0.000    0.000    0.000    0.000 <__array_function__ internals>:2(amax)
       13    0.000    0.000    0.000    0.000 _dtype_ctypes.py:97(dtype_from_ctypes_type)
       12    0.000    0.000    0.000    0.000 _ufunc_config.py:39(seterr)
        2    0.000    0.000    0.000    0.000 glob.py:116(_iterdir)
        1    0.000    0.000    0.000    0.000 hermite.py:1(<module>)
        1    0.000    0.000    0.000    0.000 utils.py:147(deprecate)
      8/2    0.000    0.000    0.000    0.000 arrayprint.py:738(recurser)
      298    0.000    0.000    0.000    0.000 {built-in method numpy.core._multiarray_umath.add_docstring}
      292    0.000    0.000    0.000    0.000 {method 'strip' of 'str' objects}
    26/12    0.000    0.000    0.000    0.000 {built-in method _abc._abc_subclasscheck}
    33/23    0.000    0.000    0.000    0.000 sre_compile.py:461(_get_literal_prefix)
      156    0.000    0.000    0.000    0.000 <frozen importlib._bootstrap>:143(__init__)
      323    0.000    0.000    0.000    0.000 {built-in method builtins.min}
       16    0.000    0.000    0.000    0.000 _type_aliases.py:66(_bits_of)
        2    0.000    0.000    0.000    0.000 fromnumeric.py:2551(amax)
        6    0.000    0.000    0.000    0.000 core.py:1152(__init__)
      4/3    0.000    0.000    0.000    0.000 {method 'view' of 'numpy.ndarray' objects}
       30    0.000    0.000    0.000    0.000 getlimits.py:27(_fr1)
      381    0.000    0.000    0.000    0.000 {built-in method nt.fspath}
       48    0.000    0.000    0.000    0.000 enum.py:283(__call__)
        1    0.000    0.000    0.000    0.000 utils.py:75(__call__)
       14    0.000    0.000    0.000    0.000 mixins.py:30(_reflected_binary_method)
        1    0.000    0.000    0.000    0.000 _compat_pickle.py:9(<module>)
       15    0.000    0.000    0.000    0.000 arrayprint.py:1482(_guarded_repr_or_str)
        4    0.000    0.000    0.000    0.000 {built-in method nt.putenv}
       41    0.000    0.000    0.000    0.000 {built-in method nt.getcwd}
        1    0.000    0.000    0.000    0.000 _polybase.py:19(ABCPolyBase)
       47    0.000    0.000    0.000    0.000 sre_parse.py:355(_escape)
       24    0.000    0.000    0.000    0.000 sre_parse.py:224(__init__)
       43    0.000    0.000    0.000    0.000 sre_parse.py:432(_uniq)
        1    0.000    0.000    0.000    0.000 __init__.py:236(_sanity_check)
        6    0.000    0.000    0.000    0.000 _ufunc_config.py:441(__enter__)
       10    0.000    0.000    0.000    0.000 sre_compile.py:411(_mk_bitmap)
      191    0.000    0.000    0.000    0.000 {method 'pop' of 'dict' objects}
       59    0.000    0.000    0.000    0.000 _inspect.py:146(<lambda>)
        2    0.000    0.000    0.000    0.000 core.py:2938(__array_finalize__)
        1    0.000    0.000    0.000    0.000 _endian.py:1(<module>)
        1    0.000    0.000    0.000    0.000 _compression.py:1(<module>)
        1    0.000    0.000    0.000    0.000 core.py:2782(__new__)
       33    0.000    0.000    0.000    0.000 sre_parse.py:84(opengroup)
       10    0.000    0.000    0.000    0.000 {method 'sub' of 're.Pattern' objects}
        1    0.000    0.000    0.000    0.000 _globals.py:1(<module>)
      365    0.000    0.000    0.000    0.000 {method 'lower' of 'str' objects}
      144    0.000    0.000    0.000    0.000 sre_parse.py:111(__init__)
       12    0.000    0.000    0.000    0.000 <frozen importlib._bootstrap>:754(exec_module)
      109    0.000    0.000    0.000    0.000 {method 'match' of 're.Pattern' objects}
      264    0.000    0.000    0.000    0.000 {method 'add' of 'set' objects}
        2    0.000    0.000    0.000    0.000 os.py:678(__setitem__)
       60    0.000    0.000    0.000    0.000 {method 'copy' of 'numpy.ndarray' objects}
        1    0.000    0.000    0.000    0.000 fullconnect.py:1(<module>)
        1    0.000    0.000    0.000    0.000 os.py:1098(add_dll_directory)
        1    0.000    0.000    0.000    0.000 memmap.py:1(<module>)
        1    0.000    0.000    0.000    0.000 utils.py:133(_get_indent)
      257    0.000    0.000    0.000    0.000 hmac.py:17(<genexpr>)
        1    0.000    0.000    0.000    0.000 _type_aliases.py:246(_set_array_types)
       78    0.000    0.000    0.000    0.000 _internal.py:795(<genexpr>)
       90    0.000    0.000    0.000    0.000 _inspect.py:133(strseq)
        1    0.000    0.000    0.000    0.000 arrayterator.py:1(<module>)
        1    0.000    0.000    0.000    0.000 {built-in method nt._add_dll_directory}
      257    0.000    0.000    0.000    0.000 hmac.py:18(<genexpr>)
       30    0.000    0.000    0.000    0.000 getlimits.py:19(_fr0)
        1    0.000    0.000    0.000    0.000 numerictypes.py:593(_register_types)
        1    0.000    0.000    0.000    0.000 core.py:3087(view)
      172    0.000    0.000    0.000    0.000 {method 'find' of 'bytearray' objects}
        1    0.000    0.000    0.000    0.000 threading.py:1262(__init__)
      205    0.000    0.000    0.000    0.000 {method 'partition' of 'str' objects}
        1    0.000    0.000    0.000    0.000 umath.py:1(<module>)
        1    0.000    0.000    0.000    0.000 {built-in method nt.scandir}
      114    0.000    0.000    0.000    0.000 sre_parse.py:81(groups)
        2    0.000    0.000    0.000    0.000 core.py:6541(__init__)
       12    0.000    0.000    0.000    0.000 {built-in method _imp.exec_builtin}
       67    0.000    0.000    0.000    0.000 {built-in method builtins.repr}
       96    0.000    0.000    0.000    0.000 {method 'startswith' of 'str' objects}
        6    0.000    0.000    0.000    0.000 _ufunc_config.py:446(__exit__)
        1    0.000    0.000    0.000    0.000 _version.py:1(<module>)
        6    0.000    0.000    0.000    0.000 arrayprint.py:938(<genexpr>)
       16    0.000    0.000    0.000    0.000 {built-in method builtins.next}
      355    0.000    0.000    0.000    0.000 {built-in method builtins.globals}
        1    0.000    0.000    0.000    0.000 __init__.py:261(_reset_cache)
        1    0.000    0.000    0.000    0.000 core.py:6376(__array_finalize__)
        1    0.000    0.000    0.000    0.000 __future__.py:1(<module>)
       10    0.000    0.000    0.000    0.000 sre_compile.py:413(<listcomp>)
       36    0.000    0.000    0.000    0.000 _string_helpers.py:16(english_lower)
       30    0.000    0.000    0.000    0.000 _type_aliases.py:238(_add_array_type)
      149    0.000    0.000    0.000    0.000 <frozen importlib._bootstrap>:397(has_location)
       20    0.000    0.000    0.000    0.000 sre_compile.py:492(_get_charset_prefix)
       32    0.000    0.000    0.000    0.000 _type_aliases.py:68(<genexpr>)
        1    0.000    0.000    0.000    0.000 numerictypes.py:445(_construct_lookups)
        1    0.000    0.000    0.000    0.000 _type_aliases.py:154(_add_integer_aliases)
       84    0.000    0.000    0.000    0.000 overrides.py:105(decorator)
        2    0.000    0.000    0.000    0.000 ntpath.py:524(abspath)
       48    0.000    0.000    0.000    0.000 enum.py:562(__new__)
       24    0.000    0.000    0.000    0.000 {built-in method _sre.compile}
      303    0.000    0.000    0.000    0.000 {built-in method builtins.ord}
       14    0.000    0.000    0.000    0.000 __init__.py:141(_check_size)
        2    0.000    0.000    0.000    0.000 os.py:684(__delitem__)
        4    0.000    0.000    0.000    0.000 arrayprint.py:967(__call__)
       48    0.000    0.000    0.000    0.000 sre_compile.py:595(isstring)
       12    0.000    0.000    0.000    0.000 _ufunc_config.py:139(geterr)
      256    0.000    0.000    0.000    0.000 {built-in method builtins.chr}
       13    0.000    0.000    0.000    0.000 _dtype_ctypes.py:69(_from_ctypes_scalar)
       61    0.000    0.000    0.000    0.000 {method 'translate' of 'str' objects}
        7    0.000    0.000    0.000    0.000 {method 'remove' of 'list' objects}
      136    0.000    0.000    0.000    0.000 <frozen importlib._bootstrap_external>:1400(<genexpr>)
        2    0.000    0.000    0.000    0.000 {built-in method _ctypes.POINTER}
        1    0.000    0.000    0.000    0.000 fnmatch.py:74(translate)
        4    0.000    0.000    0.000    0.000 ntpath.py:77(join)
        6    0.000    0.000    0.000    0.000 arrayprint.py:933(<genexpr>)
        7    0.000    0.000    0.000    0.000 getlimits.py:497(__init__)
        1    0.000    0.000    0.000    0.000 machar.py:1(<module>)
        1    0.000    0.000    0.000    0.000 _type_aliases.py:95(_add_types)
       13    0.000    0.000    0.000    0.000 ntpath.py:124(splitdrive)
        2    0.000    0.000    0.000    0.000 __init__.py:75(CFUNCTYPE)
        1    0.000    0.000    0.000    0.000 linalg.py:82(_determine_error_states)
        1    0.000    0.000    0.000    0.000 format.py:1(<module>)
       43    0.000    0.000    0.000    0.000 {built-in method fromkeys}
       84    0.000    0.000    0.000    0.000 overrides.py:94(set_module)
       22    0.000    0.000    0.000    0.000 sre_parse.py:295(_class_escape)
        4    0.000    0.000    0.000    0.000 <frozen importlib._bootstrap_external>:1173(__iter__)
        5    0.000    0.000    0.000    0.000 {method 'findall' of 're.Pattern' objects}
        2    0.000    0.000    0.000    0.000 ntpath.py:450(normpath)
       12    0.000    0.000    0.000    0.000 <frozen importlib._bootstrap>:232(_requires_builtin_wrapper)
        3    0.000    0.000    0.000    0.000 ntpath.py:180(split)
       14    0.000    0.000    0.000    0.000 _string_helpers.py:72(english_capitalize)
        3    0.000    0.000    0.000    0.000 __init__.py:498(PYFUNCTYPE)
        2    0.000    0.000    0.000    0.000 os.py:726(<lambda>)
      112    0.000    0.000    0.000    0.000 <frozen importlib._bootstrap_external>:774(create_module)
       24    0.000    0.000    0.000    0.000 sre_parse.py:921(fix_flags)
        1    0.000    0.000    0.000    0.000 _dtype.py:1(<module>)
        1    0.000    0.000    0.000    0.000 polynomial.py:1442(Polynomial)
        2    0.000    0.000    0.000    0.000 <__array_function__ internals>:2(amin)
        2    0.000    0.000    0.000    0.000 random.py:94(__init__)
      112    0.000    0.000    0.000    0.000 <frozen importlib._bootstrap_external>:964(get_filename)
        8    0.000    0.000    0.000    0.000 <frozen importlib._bootstrap_external>:1156(_get_parent_path)
        1    0.000    0.000    0.000    0.000 numeric.py:159(ones)
        2    0.000    0.000    0.000    0.000 fullconnect.py:3(__init__)
       75    0.000    0.000    0.000    0.000 sre_parse.py:168(__setitem__)
        8    0.000    0.000    0.000    0.000 {built-in method numpy.core._multiarray_umath.dragon4_positional}
        2    0.000    0.000    0.000    0.000 core.py:2912(_update_from)
        1    0.000    0.000    0.000    0.000 datetime.py:2179(timezone)
        1    0.000    0.000    0.000    0.000 Model.py:1(<module>)
        2    0.000    0.000    0.000    0.000 ntpath.py:221(dirname)
        1    0.000    0.000    0.000    0.000 _pytesttester.py:1(<module>)
        1    0.000    0.000    0.000    0.000 sgd.py:1(<module>)
        4    0.000    0.000    0.000    0.000 <frozen importlib._bootstrap_external>:1140(__init__)
        1    0.000    0.000    0.000    0.000 contextlib.py:71(__call__)
        3    0.000    0.000    0.000    0.000 datetime.py:1566(__new__)
       34    0.000    0.000    0.000    0.000 _add_newdocs.py:6744(<genexpr>)
        2    0.000    0.000    0.000    0.000 functools.py:525(decorating_function)
        2    0.000    0.000    0.000    0.000 arrayprint.py:69(_make_options_dict)
       13    0.000    0.000    0.000    0.000 {built-in method numpy.seterrobj}
        1    0.000    0.000    0.000    0.000 __init__.py:440(__getattr__)
        1    0.000    0.000    0.000    0.000 random.py:123(seed)
       49    0.000    0.000    0.000    0.000 {method 'replace' of 'str' objects}
        1    0.000    0.000    0.000    0.000 _type_aliases.py:187(_set_up_aliases)
        4    0.000    0.000    0.000    0.000 warnings.py:181(_add_filter)
        1    0.000    0.000    0.000    0.000 _add_newdocs.py:6702(numeric_type_aliases)
        1    0.000    0.000    0.000    0.000 platform.py:1076(python_implementation)
        1    0.000    0.000    0.000    0.000 abc.py:1(<module>)
       60    0.000    0.000    0.000    0.000 abc.py:7(abstractmethod)
        2    0.000    0.000    0.000    0.000 arrayprint.py:474(decorating_function)
       24    0.000    0.000    0.000    0.000 sre_parse.py:76(__init__)
        1    0.000    0.000    0.000    0.000 <__array_function__ internals>:2(concatenate)
       11    0.000    0.000    0.000    0.000 re.py:270(escape)
        2    0.000    0.000    0.000    0.000 fromnumeric.py:2676(amin)
        1    0.000    0.000    0.000    0.000 platform.py:972(_sys_version)
        1    0.000    0.000    0.000    0.000 _iotools.py:499(StringConverter)
        1    0.000    0.000    0.000    0.000 threading.py:761(__init__)
       53    0.000    0.000    0.000    0.000 sre_compile.py:65(_combine_flags)
        3    0.000    0.000    0.000    0.000 ufunclike.py:60(_fix_and_maybe_deprecate_out_named_y)
        4    0.000    0.000    0.000    0.000 <frozen importlib._bootstrap_external>:1160(_recalculate)
        1    0.000    0.000    0.000    0.000 pathlib.py:119(_WindowsFlavour)
       21    0.000    0.000    0.000    0.000 <frozen importlib._bootstrap_external>:1088(__init__)
        1    0.000    0.000    0.000    0.000 contextlib.py:211(contextmanager)
        2    0.000    0.000    0.000    0.000 datetime.py:661(__neg__)
        1    0.000    0.000    0.000    0.000 numbers.py:32(Complex)
        3    0.000    0.000    0.000    0.000 ufunclike.py:43(_fix_out_named_y)
        7    0.000    0.000    0.000    0.000 core.py:2562(_arraymethod)
        1    0.000    0.000    0.000    0.000 {method 'dot' of 'numpy.ndarray' objects}
        1    0.000    0.000    0.000    0.000 pickle.py:1134(_Unpickler)
        6    0.000    0.000    0.000    0.000 _exceptions.py:17(_display_as_base)
        3    0.000    0.000    0.000    0.000 os.py:670(__getitem__)
        4    0.000    0.000    0.000    0.000 sre_parse.py:267(getuntil)
       13    0.000    0.000    0.000    0.000 _internal.py:830(npy_ctypes_check)
        1    0.000    0.000    0.000    0.000 abc.py:96(__instancecheck__)
        1    0.000    0.000    0.000    0.000 test_program.py:8(a)
       11    0.000    0.000    0.000    0.000 {built-in method builtins.max}
       10    0.000    0.000    0.000    0.000 {built-in method numpy.zeros}
       16    0.000    0.000    0.000    0.000 _add_newdocs.py:6703(type_aliases_gen)
        7    0.000    0.000    0.000    0.000 os.py:740(encodekey)
        1    0.000    0.000    0.000    0.000 _dtype_ctypes.py:1(<module>)
       20    0.000    0.000    0.000    0.000 mixins.py:20(_binary_method)
       81    0.000    0.000    0.000    0.000 {built-in method _sre.unicode_iscased}
       15    0.000    0.000    0.000    0.000 {method 'split' of 'str' objects}
       53    0.000    0.000    0.000    0.000 sre_compile.py:453(_get_iscased)
        5    0.000    0.000    0.000    0.000 datetime.py:411(_check_date_fields)
        1    0.000    0.000    0.000    0.000 threading.py:519(set)
        1    0.000    0.000    0.000    0.000 {function Random.seed at 0x0000019652D9B160}
        1    0.000    0.000    0.000    0.000 ufunclike.py:18(_deprecate_out_named_y)
       43    0.000    0.000    0.000    0.000 __init__.py:385(<genexpr>)
        1    0.000    0.000    0.000    0.000 datetime.py:1558(datetime)
        2    0.000    0.000    0.000    0.000 _collections_abc.py:664(__contains__)
       43    0.000    0.000    0.000    0.000 {built-in method sys.intern}
       14    0.000    0.000    0.000    0.000 _string_helpers.py:44(english_upper)
        1    0.000    0.000    0.000    0.000 posixpath.py:1(<module>)
        1    0.000    0.000    0.000    0.000 <__array_function__ internals>:2(<module>)
        1    0.000    0.000    0.000    0.000 _ufunc_config.py:452(_setdef)
        1    0.000    0.000    0.000    0.000 {built-in method _abc._abc_instancecheck}
        1    0.000    0.000    0.000    0.000 legendre.py:1613(Legendre)
        1    0.000    0.000    0.000    0.000 chebyshev.py:1966(Chebyshev)
        1    0.000    0.000    0.000    0.000 sre_compile.py:416(_bytes_to_codes)
        6    0.000    0.000    0.000    0.000 _ufunc_config.py:437(__init__)
        1    0.000    0.000    0.000    0.000 numbers.py:294(Integral)
        1    0.000    0.000    0.000    0.000 numbers.py:147(Real)
        3    0.000    0.000    0.000    0.000 sre_parse.py:861(_parse_flags)
        1    0.000    0.000    0.000    0.000 {built-in method builtins.dir}
        1    0.000    0.000    0.000    0.000 {built-in method _hashlib.openssl_md5}
        1    0.000    0.000    0.000    0.000 pathlib.py:625(PurePath)
        1    0.000    0.000    0.000    0.000 polynomial.py:1009(poly1d)
        1    0.000    0.000    0.000    0.000 defchararray.py:1810(chararray)
        5    0.000    0.000    0.000    0.000 datetime.py:424(_check_time_fields)
        1    0.000    0.000    0.000    0.000 threading.py:750(Thread)
        1    0.000    0.000    0.000    0.000 hermite_e.py:1621(HermiteE)
       35    0.000    0.000    0.000    0.000 datetime.py:379(_check_int_field)
        2    0.000    0.000    0.000    0.000 arrayprint.py:1562(set_string_function)
        4    0.000    0.000    0.000    0.000 arrayprint.py:715(_extendLine)
       68    0.000    0.000    0.000    0.000 {built-in method _sre.unicode_tolower}
        7    0.000    0.000    0.000    0.000 types.py:171(__get__)
        1    0.000    0.000    0.000    0.000 random.py:721(getrandbits)
       26    0.000    0.000    0.000    0.000 {built-in method numpy.geterrobj}
       47    0.000    0.000    0.000    0.000 {method 'isidentifier' of 'str' objects}
        8    0.000    0.000    0.000    0.000 <frozen importlib._bootstrap_external>:1146(_find_parent_path_names)
        2    0.000    0.000    0.000    0.000 datetime.py:1236(__new__)
        1    0.000    0.000    0.000    0.000 laguerre.py:1578(Laguerre)
        2    0.000    0.000    0.000    0.000 datetime.py:819(__new__)
        1    0.000    0.000    0.000    0.000 _iotools.py:276(NameValidator)
        1    0.000    0.000    0.000    0.000 __init__.py:383(__getattr__)
        1    0.000    0.000    0.000    0.000 hermite.py:1627(Hermite)
        1    0.000    0.000    0.000    0.000 _internal.py:241(_missing_ctypes)
        1    0.000    0.000    0.000    0.000 random.py:78(Random)
       27    0.000    0.000    0.000    0.000 _add_newdocs.py:6743(<genexpr>)
        1    0.000    0.000    0.000    0.000 warnings.py:165(simplefilter)
        1    0.000    0.000    0.000    0.000 bz2.py:30(BZ2File)
       39    0.000    0.000    0.000    0.000 {method 'items' of 'dict' objects}
       96    0.000    0.000    0.000    0.000 {built-in method builtins.abs}
       86    0.000    0.000    0.000    0.000 _compat_pickle.py:167(<genexpr>)
        1    0.000    0.000    0.000    0.000 defmatrix.py:74(matrix)
       18    0.000    0.000    0.000    0.000 {built-in method _struct.calcsize}
       43    0.000    0.000    0.000    0.000 {method '__contains__' of 'frozenset' objects}
        2    0.000    0.000    0.000    0.000 arrayprint.py:372(_get_formatdict)
        1    0.000    0.000    0.000    0.000 _globals.py:67(__new__)
        1    0.000    0.000    0.000    0.000 <__array_function__ internals>:2(copyto)
        1    0.000    0.000    0.000    0.000 threading.py:364(notify_all)
        1    0.000    0.000    0.000    0.000 core.py:1335(make_mask_descr)
        1    0.000    0.000    0.000    0.000 threading.py:505(__init__)
        1    0.000    0.000    0.000    0.000 threading.py:903(_set_tstate_lock)
        1    0.000    0.000    0.000    0.000 _collections_abc.py:657(get)
       12    0.000    0.000    0.000    0.000 {built-in method builtins.round}
        1    0.000    0.000    0.000    0.000 lzma.py:38(LZMAFile)
       29    0.000    0.000    0.000    0.000 {method 'lstrip' of 'str' objects}
        4    0.000    0.000    0.000    0.000 getlimits.py:521(max)
        1    0.000    0.000    0.000    0.000 core.py:1321(_replace_dtype_fields)
        1    0.000    0.000    0.000    0.000 _type_aliases.py:63(<setcomp>)
        3    0.000    0.000    0.000    0.000 glob.py:147(has_magic)
       13    0.000    0.000    0.000    0.000 mixins.py:40(_inplace_binary_method)
        3    0.000    0.000    0.000    0.000 sre_compile.py:432(_generate_overlap_table)
        1    0.000    0.000    0.000    0.000 _inspect.py:1(<module>)
        1    0.000    0.000    0.000    0.000 pathlib.py:1021(Path)
       60    0.000    0.000    0.000    0.000 {built-in method builtins.divmod}
        2    0.000    0.000    0.000    0.000 {built-in method builtins.locals}
        1    0.000    0.000    0.000    0.000 pickle.py:405(_Pickler)
        1    0.000    0.000    0.000    0.000 __init__.py:390(__getitem__)
        1    0.000    0.000    0.000    0.000 {method 'find' of 'str' objects}
        1    0.000    0.000    0.000    0.000 threading.py:341(notify)
        1    0.000    0.000    0.000    0.000 {method 'view' of 'numpy.generic' objects}
        1    0.000    0.000    0.000    0.000 datetime.py:789(date)
        9    0.000    0.000    0.000    0.000 _pytesttester.py:77(__init__)
       16    0.000    0.000    0.000    0.000 _dtype.py:36(_kind_name)
        1    0.000    0.000    0.000    0.000 pathlib.py:395(_NormalAccessor)
        4    0.000    0.000    0.000    0.000 Model.py:12(addLayer)
        1    0.000    0.000    0.000    0.000 _internal.py:218(_getintp_ctype)
        2    0.000    0.000    0.000    0.000 {built-in method numpy.core._multiarray_umath.set_string_function}
        1    0.000    0.000    0.000    0.000 {built-in method math.exp}
       17    0.000    0.000    0.000    0.000 {method 'discard' of 'set' objects}
        1    0.000    0.000    0.000    0.000 datetime.py:1211(time)
       38    0.000    0.000    0.000    0.000 {built-in method _ctypes.sizeof}
       10    0.000    0.000    0.000    0.000 __future__.py:81(__init__)
        1    0.000    0.000    0.000    0.000 core.py:6152(mvoid)
       23    0.000    0.000    0.000    0.000 overrides.py:202(array_function_from_dispatcher)
       43    0.000    0.000    0.000    0.000 _compat_pickle.py:165(<genexpr>)
        1    0.000    0.000    0.000    0.000 datetime.py:469(timedelta)
        1    0.000    0.000    0.000    0.000 threading.py:222(__init__)
       10    0.000    0.000    0.000    0.000 {method 'translate' of 'bytearray' objects}
        9    0.000    0.000    0.000    0.000 os.py:734(check_str)
        1    0.000    0.000    0.000    0.000 core.py:6348(MaskedConstant)
        1    0.000    0.000    0.000    0.000 extras.py:1522(__init__)
        2    0.000    0.000    0.000    0.000 ntpath.py:44(normcase)
        8    0.000    0.000    0.000    0.000 getlimits.py:92(_register_type)
        3    0.000    0.000    0.000    0.000 {built-in method nt._getfullpathname}
       17    0.000    0.000    0.000    0.000 {built-in method builtins.id}
       16    0.000    0.000    0.000    0.000 _inspect.py:145(<lambda>)
        2    0.000    0.000    0.000    0.000 core.py:6440(__setattr__)
        2    0.000    0.000    0.000    0.000 {built-in method math.log}
       10    0.000    0.000    0.000    0.000 {method 'setter' of 'property' objects}
       15    0.000    0.000    0.000    0.000 _inspect.py:144(<lambda>)
        1    0.000    0.000    0.000    0.000 _datasource.py:626(Repository)
        1    0.000    0.000    0.000    0.000 copyreg.py:12(pickle)
        1    0.000    0.000    0.000    0.000 _internal.py:250(_ctypes)
        1    0.000    0.000    0.000    0.000 {built-in method numpy.empty}
        3    0.000    0.000    0.000    0.000 {method 'search' of 're.Pattern' objects}
        1    0.000    0.000    0.000    0.000 {built-in method nt.urandom}
        1    0.000    0.000    0.000    0.000 arrayterator.py:20(Arrayterator)
        1    0.000    0.000    0.000    0.000 hmac.py:26(HMAC)
        2    0.000    0.000    0.000    0.000 _asarray.py:16(asarray)
        4    0.000    0.000    0.000    0.000 fromnumeric.py:74(<dictcomp>)
        1    0.000    0.000    0.000    0.000 _internal.py:526(_Stream)
        3    0.000    0.000    0.000    0.000 index_tricks.py:312(__init__)
        1    0.000    0.000    0.000    0.000 _version.py:18(NumpyVersion)
        1    0.000    0.000    0.000    0.000 {built-in method numpy.core._multiarray_umath.set_typeDict}
        1    0.000    0.000    0.000    0.000 {method 'union' of 'set' objects}
        1    0.000    0.000    0.000    0.000 {built-in method builtins.sorted}
        1    0.000    0.000    0.000    0.000 _weakrefset.py:36(__init__)
        1    0.000    0.000    0.000    0.000 numbers.py:267(Rational)
        1    0.000    0.000    0.000    0.000 {method 'cast' of 'memoryview' objects}
        1    0.000    0.000    0.000    0.000 core.py:1289(_replace_dtype_fields_recursive)
        8    0.000    0.000    0.000    0.000 {built-in method sys._getframe}
        1    0.000    0.000    0.000    0.000 os.py:1073(__subclasshook__)
        1    0.000    0.000    0.000    0.000 threading.py:573(Barrier)
        4    0.000    0.000    0.000    0.000 core.py:3363(dtype)
       16    0.000    0.000    0.000    0.000 {method 'values' of 'dict' objects}
        1    0.000    0.000    0.000    0.000 {method 'expandtabs' of 'str' objects}
        1    0.000    0.000    0.000    0.000 pathlib.py:135(<setcomp>)
        1    0.000    0.000    0.000    0.000 random.py:103(__init_subclass__)
        6    0.000    0.000    0.000    0.000 arrayprint.py:942(<genexpr>)
        1    0.000    0.000    0.000    0.000 index_tricks.py:605(ndindex)
        1    0.000    0.000    0.000    0.000 _datasource.py:272(DataSource)
        1    0.000    0.000    0.000    0.000 extras.py:1474(MAxisConcatenator)
        1    0.000    0.000    0.000    0.000 Model.py:4(__init__)
        1    0.000    0.000    0.000    0.000 {method 'tolist' of 'memoryview' objects}
        1    0.000    0.000    0.000    0.000 {built-in method _hashlib.openssl_sha1}
        2    0.000    0.000    0.000    0.000 arrayprint.py:74(<dictcomp>)
        1    0.000    0.000    0.000    0.000 index_tricks.py:302(AxisConcatenator)
        1    0.000    0.000    0.000    0.000 {built-in method _hashlib.openssl_sha512}
        2    0.000    0.000    0.000    0.000 functools.py:487(lru_cache)
        1    0.000    0.000    0.000    0.000 _compression.py:33(DecompressReader)
        1    0.000    0.000    0.000    0.000 {built-in method _hashlib.openssl_sha256}
       12    0.000    0.000    0.000    0.000 <frozen importlib._bootstrap>:771(is_package)
        7    0.000    0.000    0.000    0.000 enum.py:664(value)
        9    0.000    0.000    0.000    0.000 _globals.py:77(__repr__)
        1    0.000    0.000    0.000    0.000 _weakrefset.py:81(add)
        1    0.000    0.000    0.000    0.000 glob.py:23(iglob)
        4    0.000    0.000    0.000    0.000 mixins.py:55(_unary_method)
        3    0.000    0.000    0.000    0.000 datetime.py:2199(_create)
        6    0.000    0.000    0.000    0.000 _type_aliases.py:113(<genexpr>)
        1    0.000    0.000    0.000    0.000 npyio.py:122(NpzFile)
        3    0.000    0.000    0.000    0.000 ntpath.py:34(_get_bothseps)
        3    0.000    0.000    0.000    0.000 __init__.py:367(_FuncPtr)
        1    0.000    0.000    0.000    0.000 pathlib.py:136(<setcomp>)
        1    0.000    0.000    0.000    0.000 pathlib.py:284(_PosixFlavour)
        1    0.000    0.000    0.000    0.000 parse.py:353(_fix_result_transcoding)
        1    0.000    0.000    0.000    0.000 index_tricks.py:252(__init__)
        1    0.000    0.000    0.000    0.000 threading.py:210(Condition)
        6    0.000    0.000    0.000    0.000 arrayprint.py:943(<genexpr>)
        1    0.000    0.000    0.000    0.000 index_tricks.py:517(__init__)
        1    0.000    0.000    0.000    0.000 core.py:2389(_MaskedPrintOption)
        1    0.000    0.000    0.000    0.000 Model.py:3(Model)
        7    0.000    0.000    0.000    0.000 {method 'upper' of 'str' objects}
        1    0.000    0.000    0.000    0.000 _exceptions.py:83(_UFuncInputCastingError)
        1    0.000    0.000    0.000    0.000 arrayprint.py:1221(DatetimeFormat)
        1    0.000    0.000    0.000    0.000 getlimits.py:444(iinfo)
        1    0.000    0.000    0.000    0.000 random.py:709(SystemRandom)
        3    0.000    0.000    0.000    0.000 core.py:1368(getmask)
        1    0.000    0.000    0.000    0.000 core.py:2607(MaskedIterator)
        1    0.000    0.000    0.000    0.000 _ufunc_config.py:375(errstate)
        1    0.000    0.000    0.000    0.000 arrayprint.py:854(FloatingFormat)
        1    0.000    0.000    0.000    0.000 function_base.py:1878(vectorize)
        1    0.000    0.000    0.000    0.000 ctypeslib.py:179(_ndptr)
        6    0.000    0.000    0.000    0.000 core.py:852(__init__)
        1    0.000    0.000    0.000    0.000 _collections_abc.py:72(_check_methods)
        2    0.000    0.000    0.000    0.000 glob.py:84(<genexpr>)
        1    0.000    0.000    0.000    0.000 parse.py:143(_NetlocResultMixinBase)
        1    0.000    0.000    0.000    0.000 arrayprint.py:1268(StructuredVoidFormat)
        1    0.000    0.000    0.000    0.000 records.py:234(record)
        1    0.000    0.000    0.000    0.000 _datasource.py:144(_FileOpeners)
        1    0.000    0.000    0.000    0.000 threading.py:94(_RLock)
        3    0.000    0.000    0.000    0.000 core.py:812(__init__)
        1    0.000    0.000    0.000    0.000 core.py:6532(_extrema_operation)
        4    0.000    0.000    0.000    0.000 __init__.py:437(__init__)
        2    0.000    0.000    0.000    0.000 pathlib.py:60(__init__)
        1    0.000    0.000    0.000    0.000 pickle.py:200(_Framer)
        1    0.000    0.000    0.000    0.000 _ufunc_config.py:36(<dictcomp>)
        4    0.000    0.000    0.000    0.000 core.py:6352(__has_singleton)
        1    0.000    0.000    0.000    0.000 core.py:7983(_convert2ma)
        1    0.000    0.000    0.000    0.000 __init__.py:318(CDLL)
        3    0.000    0.000    0.000    0.000 __init__.py:499(CFunctionType)
        3    0.000    0.000    0.000    0.000 datetime.py:41(_days_before_year)
        1    0.000    0.000    0.000    0.000 _exceptions.py:143(_ArrayMemoryError)
        1    0.000    0.000    0.000    0.000 memmap.py:24(memmap)
        1    0.000    0.000    0.000    0.000 _compression.py:9(BaseStream)
        1    0.000    0.000    0.000    0.000 extras.py:217(_fromnxfunction)
        1    0.000    0.000    0.000    0.000 __future__.py:80(_Feature)
        5    0.000    0.000    0.000    0.000 datetime.py:46(_days_in_month)
        1    0.000    0.000    0.000    0.000 ctypeslib.py:200(_concrete_ndptr)
        1    0.000    0.000    0.000    0.000 {built-in method _thread._set_sentinel}
        2    0.000    0.000    0.000    0.000 {method 'copy' of 'dict' objects}
        4    0.000    0.000    0.000    0.000 {method 'insert' of 'list' objects}
        1    0.000    0.000    0.000    0.000 records.py:319(recarray)
        1    0.000    0.000    0.000    0.000 machar.py:18(MachAr)
        1    0.000    0.000    0.000    0.000 _internal.py:206(dummy_ctype)
        1    0.000    0.000    0.000    0.000 utils.py:70(__init__)
        1    0.000    0.000    0.000    0.000 npyio.py:58(BagObj)
        1    0.000    0.000    0.000    0.000 threading.py:249(__exit__)
        1    0.000    0.000    0.000    0.000 threading.py:900(_set_native_id)
        1    0.000    0.000    0.000    0.000 core.py:983(_MaskedBinaryOperation)
        4    0.000    0.000    0.000    0.000 {built-in method builtins.iter}
        1    0.000    0.000    0.000    0.000 parse.py:765(Quoter)
        1    0.000    0.000    0.000    0.000 index_tricks.py:547(__init__)
        1    0.000    0.000    0.000    0.000 _iotools.py:176(LineSplitter)
        1    0.000    0.000    0.000    0.000 core.py:202(<listcomp>)
        2    0.000    0.000    0.000    0.000 core.py:3379(shape)
        2    0.000    0.000    0.000    0.000 {built-in method maketrans}
        1    0.000    0.000    0.000    0.000 os.py:1082(__init__)
        1    0.000    0.000    0.000    0.000 pickle.py:263(_Unframer)
        1    0.000    0.000    0.000    0.000 ast.py:339(NodeVisitor)
        1    0.000    0.000    0.000    0.000 threading.py:246(__enter__)
        1    0.000    0.000    0.000    0.000 core.py:909(_MaskedUnaryOperation)
        1    0.000    0.000    0.000    0.000 fullconnect.py:2(FullConnect)
        1    0.000    0.000    0.000    0.000 {built-in method _hashlib.openssl_sha384}
        4    0.000    0.000    0.000    0.000 <frozen importlib._bootstrap_external>:1221(exec_module)
        2    0.000    0.000    0.000    0.000 glob.py:154(_ishidden)
        1    0.000    0.000    0.000    0.000 numerictypes.py:429(_typedict)
        1    0.000    0.000    0.000    0.000 index_tricks.py:296(__init__)
        1    0.000    0.000    0.000    0.000 threading.py:1177(_make_invoke_excepthook)
        1    0.000    0.000    0.000    0.000 core.py:6649(_frommethod)
        1    0.000    0.000    0.000    0.000 sgd.py:3(SGD)
        1    0.000    0.000    0.000    0.000 datetime.py:1141(tzinfo)
        1    0.000    0.000    0.000    0.000 pathlib.py:56(_Flavour)
        2    0.000    0.000    0.000    0.000 arrayprint.py:464(_recursive_guard)
        1    0.000    0.000    0.000    0.000 arrayprint.py:1166(ComplexFloatingFormat)
        1    0.000    0.000    0.000    0.000 threading.py:494(Event)
        1    0.000    0.000    0.000    0.000 core.py:91(MaskedArrayFutureWarning)
        1    0.000    0.000    0.000    0.000 core.py:803(_DomainCheckInterval)
        1    0.000    0.000    0.000    0.000 Model.py:17(addLossFunction)
        1    0.000    0.000    0.000    0.000 _globals.py:59(_NoValueType)
        2    0.000    0.000    0.000    0.000 __init__.py:101(CFunctionType)
        5    0.000    0.000    0.000    0.000 datetime.py:441(_check_tzinfo_arg)
        1    0.000    0.000    0.000    0.000 pathlib.py:597(_PathParents)
        1    0.000    0.000    0.000    0.000 numbers.py:12(Number)
        1    0.000    0.000    0.000    0.000 _type_aliases.py:36(TypeNADict)
        1    0.000    0.000    0.000    0.000 arrayprint.py:1143(IntegerFormat)
        1    0.000    0.000    0.000    0.000 arrayprint.py:1156(BoolFormat)
        1    0.000    0.000    0.000    0.000 arrayprint.py:1195(_TimelikeFormat)
        1    0.000    0.000    0.000    0.000 records.py:100(format_parser)
        2    0.000    0.000    0.000    0.000 index_tricks.py:145(__init__)
        1    0.000    0.000    0.000    0.000 index_tricks.py:110(nd_grid)
        1    0.000    0.000    0.000    0.000 index_tricks.py:554(ndenumerate)
        1    0.000    0.000    0.000    0.000 _datasource.py:169(__init__)
        1    0.000    0.000    0.000    0.000 threading.py:261(_is_owned)
        3    0.000    0.000    0.000    0.000 core.py:873(__init__)
        1    0.000    0.000    0.000    0.000 core.py:2395(__init__)
        4    0.000    0.000    0.000    0.000 {built-in method _warnings._filters_mutated}
        1    0.000    0.000    0.000    0.000 version.py:5(<module>)
        1    0.000    0.000    0.000    0.000 py3k.py:116(contextlib_nullcontext)
        1    0.000    0.000    0.000    0.000 pathlib.py:475(_Selector)
        1    0.000    0.000    0.000    0.000 parse.py:180(_NetlocResultMixinStr)
        1    0.000    0.000    0.000    0.000 _exceptions.py:40(_UFuncBinaryResolutionError)
        1    0.000    0.000    0.000    0.000 linalg.py:52(LinAlgError)
        1    0.000    0.000    0.000    0.000 utils.py:58(_Deprecate)
        1    0.000    0.000    0.000    0.000 threading.py:376(Semaphore)
        1    0.000    0.000    0.000    0.000 {built-in method _hashlib.openssl_sha224}
        1    0.000    0.000    0.000    0.000 __init__.py:153(py_object)
        1    0.000    0.000    0.000    0.000 getlimits.py:34(MachArLike)
        1    0.000    0.000    0.000    0.000 getlimits.py:293(finfo)
        1    0.000    0.000    0.000    0.000 _pytesttester.py:47(PytestTester)
        1    0.000    0.000    0.000    0.000 polyutils.py:62(RankWarning)
        1    0.000    0.000    0.000    0.000 core.py:204(<listcomp>)
        1    0.000    0.000    0.000    0.000 core.py:846(_DomainSafeDivide)
        2    0.000    0.000    0.000    0.000 core.py:889(__init__)
        1    0.000    0.000    0.000    0.000 core.py:1131(_DomainedBinaryOperation)
        1    0.000    0.000    0.000    0.000 Model.py:20(addOptimizer)
        2    0.000    0.000    0.000    0.000 {method 'acquire' of '_thread.lock' objects}
        1    0.000    0.000    0.000    0.000 __init__.py:396(PyDLL)
        1    0.000    0.000    0.000    0.000 _endian.py:23(_swapped_meta)
        1    0.000    0.000    0.000    0.000 parse.py:127(_ResultMixinStr)
        1    0.000    0.000    0.000    0.000 numeric.py:74(ComplexWarning)
        1    0.000    0.000    0.000    0.000 _ufunc_config.py:368(_unspecified)
        2    0.000    0.000    0.000    0.000 arrayprint.py:847(_none_or_positive_arg)
        1    0.000    0.000    0.000    0.000 arrayprint.py:1258(SubArrayFormat)
        1    0.000    0.000    0.000    0.000 records.py:81(_OrderedCounter)
        2    0.000    0.000    0.000    0.000 index_tricks.py:728(__init__)
        1    0.000    0.000    0.000    0.000 utils.py:53(_set_function_name)
        1    0.000    0.000    0.000    0.000 threading.py:456(BoundedSemaphore)
        1    0.000    0.000    0.000    0.000 threading.py:1230(Timer)
        1    0.000    0.000    0.000    0.000 core.py:828(_DomainTan)
        1    0.000    0.000    0.000    0.000 extras.py:272(_fromnxfunction_single)
        1    0.000    0.000    0.000    0.000 extras.py:328(_fromnxfunction_allargs)
        1    0.000    0.000    0.000    0.000 __init__.py:427(OleDLL)
        1    0.000    0.000    0.000    0.000 __init__.py:436(LibraryLoader)
        1    0.000    0.000    0.000    0.000 pathlib.py:500(_TerminatingSelector)
        1    0.000    0.000    0.000    0.000 pathlib.py:1550(WindowsPath)
        1    0.000    0.000    0.000    0.000 parse.py:135(_ResultMixinBytes)
        2    0.000    0.000    0.000    0.000 fromnumeric.py:2546(_amax_dispatcher)
        1    0.000    0.000    0.000    0.000 _exceptions.py:34(UFuncTypeError)
        1    0.000    0.000    0.000    0.000 _exceptions.py:56(_UFuncNoLoopError)
        1    0.000    0.000    0.000    0.000 arrayprint.py:1253(TimedeltaFormat)
        1    0.000    0.000    0.000    0.000 _internal.py:848(recursive)
        1    0.000    0.000    0.000    0.000 index_tricks.py:210(MGridClass)
        1    0.000    0.000    0.000    0.000 stride_tricks.py:16(DummyArray)
        1    0.000    0.000    0.000    0.000 polyutils.py:66(PolyError)
        1    0.000    0.000    0.000    0.000 core.py:867(_DomainGreater)
        1    0.000    0.000    0.000    0.000 core.py:899(_MaskedUFunc)
        1    0.000    0.000    0.000    0.000 extras.py:1504(mr_class)
        1    0.000    0.000    0.000    0.000 sgd.py:4(__init__)
        1    0.000    0.000    0.000    0.000 {method 'groups' of 're.Match' objects}
        2    0.000    0.000    0.000    0.000 {built-in method _stat.S_ISDIR}
        1    0.000    0.000    0.000    0.000 {built-in method builtins.any}
        1    0.000    0.000    0.000    0.000 _globals.py:32(ModuleDeprecationWarning)
        1    0.000    0.000    0.000    0.000 __init__.py:405(WinDLL)
        1    0.000    0.000    0.000    0.000 pathlib.py:522(_WildcardSelector)
        1    0.000    0.000    0.000    0.000 pathlib.py:553(_RecursiveWildcardSelector)
        1    0.000    0.000    0.000    0.000 pathlib.py:998(PurePosixPath)
        1    0.000    0.000    0.000    0.000 parse.py:210(_NetlocResultMixinBytes)
        1    0.000    0.000    0.000    0.000 parse.py:315(DefragResult)
        1    0.000    0.000    0.000    0.000 parse.py:342(SplitResultBytes)
        1    0.000    0.000    0.000    0.000 <string>:1(<module>)
        1    0.000    0.000    0.000    0.000 index_tricks.py:422(RClass)
        1    0.000    0.000    0.000    0.000 index_tricks.py:684(IndexExpression)
        1    0.000    0.000    0.000    0.000 ast.py:397(NodeTransformer)
        1    0.000    0.000    0.000    0.000 ast.py:497(Num)
        1    0.000    0.000    0.000    0.000 ast.py:505(Bytes)
        1    0.000    0.000    0.000    0.000 polynomial.py:30(RankWarning)
        1    0.000    0.000    0.000    0.000 shutil.py:66(Error)
        1    0.000    0.000    0.000    0.000 shutil.py:69(SameFileError)
        1    0.000    0.000    0.000    0.000 threading.py:896(_set_ident)
        1    0.000    0.000    0.000    0.000 threading.py:1281(_DummyThread)
        1    0.000    0.000    0.000    0.000 _iotools.py:486(ConversionWarning)
        1    0.000    0.000    0.000    0.000 polyutils.py:70(PolyDomainError)
        1    0.000    0.000    0.000    0.000 polyutils.py:83(PolyBase)
        1    0.000    0.000    0.000    0.000 core.py:162(MAError)
        1    0.000    0.000    0.000    0.000 core.py:836(__init__)
        1    0.000    0.000    0.000    0.000 core.py:883(_DomainGreaterEqual)
        1    0.000    0.000    0.000    0.000 extras.py:290(_fromnxfunction_seq)
        1    0.000    0.000    0.000    0.000 extras.py:303(_fromnxfunction_args)
        3    0.000    0.000    0.000    0.000 {method 'clear' of 'dict' objects}
        1    0.000    0.000    0.000    0.000 copyreg.py:22(constructor)
        1    0.000    0.000    0.000    0.000 __init__.py:170(c_long)
        1    0.000    0.000    0.000    0.000 __init__.py:195(c_double)
        1    0.000    0.000    0.000    0.000 __init__.py:237(c_char_p)
        1    0.000    0.000    0.000    0.000 _endian.py:46(BigEndianStructure)
        1    0.000    0.000    0.000    0.000 pathlib.py:506(_PreciseSelector)
        1    0.000    0.000    0.000    0.000 pickle.py:73(PickleError)
        1    0.000    0.000    0.000    0.000 pickle.py:84(UnpicklingError)
        1    0.000    0.000    0.000    0.000 pickle.py:97(_Stop)
        2    0.000    0.000    0.000    0.000 fromnumeric.py:2671(_amin_dispatcher)
        1    0.000    0.000    0.000    0.000 _exceptions.py:74(_UFuncCastingError)
        1    0.000    0.000    0.000    0.000 _exceptions.py:101(_UFuncOutputCastingError)
        1    0.000    0.000    0.000    0.000 _exceptions.py:125(AxisError)
        1    0.000    0.000    0.000    0.000 _internal.py:245(c_void_p)
        1    0.000    0.000    0.000    0.000 index_tricks.py:257(OGridClass)
        1    0.000    0.000    0.000    0.000 ast.py:468(_ABC)
        1    0.000    0.000    0.000    0.000 threading.py:1260(_MainThread)
        1    0.000    0.000    0.000    0.000 core.py:170(MaskError)
        1    0.000    0.000    0.000    0.000 {built-in method math.sqrt}
        2    0.000    0.000    0.000    0.000 {method 'keys' of 'dict' objects}
        1    0.000    0.000    0.000    0.000 __init__.py:162(c_short)
        1    0.000    0.000    0.000    0.000 __init__.py:414(HRESULT)
        1    0.000    0.000    0.000    0.000 multiarray.py:145(concatenate)
        1    0.000    0.000    0.000    0.000 multiarray.py:1043(copyto)
        1    0.000    0.000    0.000    0.000 pathlib.py:1008(PureWindowsPath)
        1    0.000    0.000    0.000    0.000 pathlib.py:1543(PosixPath)
        1    0.000    0.000    0.000    0.000 parse.py:323(SplitResult)
        1    0.000    0.000    0.000    0.000 parse.py:347(ParseResultBytes)
        1    0.000    0.000    0.000    0.000 ast.py:501(Str)
        1    0.000    0.000    0.000    0.000 ast.py:509(NameConstant)
        1    0.000    0.000    0.000    0.000 ast.py:512(Ellipsis)
        1    0.000    0.000    0.000    0.000 _iotools.py:470(ConverterError)
        1    0.000    0.000    0.000    0.000 _iotools.py:478(ConverterLockError)
        2    0.000    0.000    0.000    0.000 {built-in method builtins.callable}
        1    0.000    0.000    0.000    0.000 {method 'disable' of '_lsprof.Profiler' objects}
        1    0.000    0.000    0.000    0.000 contextlib.py:59(_recreate_cm)
        1    0.000    0.000    0.000    0.000 _globals.py:46(VisibleDeprecationWarning)
        1    0.000    0.000    0.000    0.000 __init__.py:166(c_ushort)
        1    0.000    0.000    0.000    0.000 __init__.py:174(c_ulong)
        1    0.000    0.000    0.000    0.000 __init__.py:191(c_float)
        1    0.000    0.000    0.000    0.000 __init__.py:199(c_longdouble)
        1    0.000    0.000    0.000    0.000 __init__.py:209(c_longlong)
        1    0.000    0.000    0.000    0.000 __init__.py:213(c_ulonglong)
        1    0.000    0.000    0.000    0.000 __init__.py:220(c_ubyte)
        1    0.000    0.000    0.000    0.000 __init__.py:227(c_byte)
        1    0.000    0.000    0.000    0.000 __init__.py:232(c_char)
        1    0.000    0.000    0.000    0.000 __init__.py:243(c_void_p)
        1    0.000    0.000    0.000    0.000 __init__.py:248(c_bool)
        1    0.000    0.000    0.000    0.000 __init__.py:253(c_wchar_p)
        1    0.000    0.000    0.000    0.000 pathlib.py:390(_Accessor)
        1    0.000    0.000    0.000    0.000 parse.py:328(ParseResult)
        1    0.000    0.000    0.000    0.000 parse.py:334(DefragResultBytes)
        1    0.000    0.000    0.000    0.000 pickle.py:77(PicklingError)
        1    0.000    0.000    0.000    0.000 shutil.py:72(SpecialFileError)
        1    0.000    0.000    0.000    0.000 shutil.py:76(ExecError)
        1    0.000    0.000    0.000    0.000 shutil.py:79(ReadError)
        1    0.000    0.000    0.000    0.000 shutil.py:82(RegistryError)
        1    0.000    0.000    0.000    0.000 shutil.py:86(_GiveupOnFastCopy)
        1    0.000    0.000    0.000    0.000 threading.py:727(BrokenBarrierError)
        1    0.000    0.000    0.000    0.000 threading.py:1095(daemon)
        1    0.000    0.000    0.000    0.000 random.py:729(seed)
        1    0.000    0.000    0.000    0.000 {built-in method _thread.get_native_id}
        1    0.000    0.000    0.000    0.000 __init__.py:258(c_wchar)
        1    0.000    0.000    0.000    0.000 _exceptions.py:120(TooHardError)
        1    0.000    0.000    0.000    0.000 index_tricks.py:522(CClass)
        1    0.000    0.000    0.000    0.000 {method '__enter__' of '_thread.lock' objects}
        1    0.000    0.000    0.000    0.000 {method '__exit__' of '_thread.lock' objects}
        1    0.000    0.000    0.000    0.000 {built-in method sys.audit}


